// Jest Snapshot v1, https://goo.gl/fbAQLP

exports[`Card Renders correctly 1`] = `
<div
  className="sc-bcXHqe ktOrDV"
>
  Test content
</div>
`;
