// Jest Snapshot v1, https://goo.gl/fbAQLP

exports[`App Renders correctly 1`] = `
<div>
  <nav
    className="sc-csuSiG hvMVPV"
  >
    <h1>
      OnsiteIQ HR Application
    </h1>
    <div
      className="sc-eDWCr eTiBAU"
    >
      You have 
      <span
        className="sc-bqWxrE dWqmdV"
      >
        9
      </span>
       candidates to review.
    </div>
  </nav>
  <div
    className="sc-ksBlkl bgcEsR"
  >
    <div
      className="sc-fEXmlR juCLJa"
    >
      <h2>
        New Review
      </h2>
      <div
        className="sc-fnGiBr bogsAz"
      >
        Please click the Start New Candidate Review button to start a review.
        <button
          className="sc-bcXHqe jWfLtu"
          onClick={[Function]}
          type="button"
        >
          Start New Candidate Review
        </button>
      </div>
    </div>
    <div
      className="sc-bjfHbI bUWTEh"
    >
      <h2>
        Saved Reviews
      </h2>
      <div
        className="sc-hBxehG kRbnFu"
      />
    </div>
  </div>
</div>
`;
